feed-handler
  A: unicast-fanout <- 127.0.0.1:31001 (receive buffer 8192 KiB)
  B: unicast-fanout <- 127.0.0.1:31002 (receive buffer 8192 KiB)
  GAP: sequence 7644..=7654 (11 messages) was lost on both arms. Buffering live traffic and waiting for a snapshot.
  RECOVERED in 58ms from a snapshot consistent as of sequence 12000; back to LIVE
  GAP: sequence 15106..=15116 (11 messages) was lost on both arms. Buffering live traffic and waiting for a snapshot.
  GAP: sequence 15410..=15413 (4 messages) was lost on both arms. Buffering live traffic and waiting for a snapshot.
  GAP: sequence 15985..=15996 (12 messages) was lost on both arms. Buffering live traffic and waiting for a snapshot.
  RECOVERED in 77ms from a snapshot consistent as of sequence 20000; back to LIVE
       10748 msgs  4899 msg/s  LIVE  A 7825/1619  B 8055/1619  seq 1..15105  4 gaps  window 257/256
  recovered 2 times, 0 failed
       10748 msgs  2563 msg/s  LIVE  A 7825/1619  B 8055/1619  seq 1..15105  4 gaps  window 257/256
  recovered 2 times, 0 failed
       10748 msgs  1735 msg/s  LIVE  A 7825/1619  B 8055/1619  seq 1..15105  4 gaps  window 257/256
  recovered 2 times, 0 failed
       10748 msgs  1312 msg/s  LIVE  A 7825/1619  B 8055/1619  seq 1..15105  4 gaps  window 257/256
  recovered 2 times, 0 failed
       10748 msgs  1054 msg/s  LIVE  A 7825/1619  B 8055/1619  seq 1..15105  4 gaps  window 257/256
  recovered 2 times, 0 failed
       10748 msgs  881 msg/s  LIVE  A 7825/1619  B 8055/1619  seq 1..15105  4 gaps  window 257/256
  recovered 2 times, 0 failed
       10748 msgs  757 msg/s  LIVE  A 7825/1619  B 8055/1619  seq 1..15105  4 gaps  window 257/256
  recovered 2 times, 0 failed
       10748 msgs  664 msg/s  LIVE  A 7825/1619  B 8055/1619  seq 1..15105  4 gaps  window 257/256
  recovered 2 times, 0 failed
       10748 msgs  591 msg/s  LIVE  A 7825/1619  B 8055/1619  seq 1..15105  4 gaps  window 257/256
  recovered 2 times, 0 failed
  no data for 15s; stopping
       10748 msgs  534 msg/s  LIVE  A 7825/1619  B 8055/1619  seq 1..15105  4 gaps  window 257/256
  recovered 2 times, 0 failed
  final book top=8e1d4a559d8dd1be full=3a52e0bd909fb613 orders=314
  gap: sequence 7644..=7654 (11 messages)
  gap: sequence 15106..=15116 (11 messages)
  gap: sequence 15410..=15413 (4 messages)
  gap: sequence 15985..=15996 (12 messages)
